<?xml version="1.0" encoding="UTF-8"?>
<TestRun id="e09a1a3e-6704-47ba-9cee-80ba6bab6595" name="eric@CAIN 2011-05-13 22:34:29" runUser="CAIN\eric" xmlns="http://microsoft.com/schemas/VisualStudio/TeamTest/2010">
  <TestSettings name="Local" id="86b8f4f7-c15f-40b5-9cbf-ba30b338f486">
    <Description>These are default test settings for a local test run.</Description>
    <Deployment enabled="false" runDeploymentRoot="eric_CAIN 2011-05-13 22_34_29">
      <DeploymentItem filename="c:\users\eric\documents\visual studio 2010\Projects\Euler\Euler\bin\Debug\Euler.exe" />
    </Deployment>
    <Execution>
      <TestTypeSpecific />
      <AgentRule name="Execution Agents">
      </AgentRule>
    </Execution>
  </TestSettings>
  <Times creation="2011-05-13T22:34:29.5973205-04:00" queuing="2011-05-13T22:34:35.3516496-04:00" start="2011-05-13T22:34:35.7346715-04:00" finish="2011-05-13T22:34:39.3088759-04:00" />
  <ResultSummary outcome="Completed">
    <Counters total="1" executed="1" passed="1" error="0" failed="0" timeout="0" aborted="0" inconclusive="0" passedButRunAborted="0" notRunnable="0" notExecuted="0" disconnected="0" warning="0" completed="0" inProgress="0" pending="0" />
  </ResultSummary>
  <TestDefinitions>
    <UnitTest name="SumTheMultiplesOf3And5Test" storage="c:\users\eric\documents\visual studio 2010\projects\euler\eulerunittests\bin\debug\eulerunittests.dll" id="17007d1b-b16e-ce2a-fd7e-54baaa28ee7e">
      <Execution id="92dc046d-e54a-47dc-8ad2-e4174bd0c7df" />
      <TestMethod codeBase="c:/users/eric/documents/visual studio 2010/Projects/Euler/EulerUnitTests/bin/Debug/EulerUnitTests.DLL" adapterTypeName="Microsoft.VisualStudio.TestTools.TestTypes.Unit.UnitTestAdapter, Microsoft.VisualStudio.QualityTools.Tips.UnitTest.Adapter, Version=10.0.0.0, Culture=neutral, PublicKeyToken=b03f5f7f11d50a3a" className="EulerUnitTests.Problem1Test, EulerUnitTests, Version=1.0.0.0, Culture=neutral, PublicKeyToken=null" name="SumTheMultiplesOf3And5Test" />
    </UnitTest>
  </TestDefinitions>
  <TestLists>
    <TestList name="Results Not in a List" id="8c84fa94-04c1-424b-9868-57a2d4851a1d" />
    <TestList name="All Loaded Results" id="19431567-8539-422a-85d7-44ee4e166bda" />
  </TestLists>
  <TestEntries>
    <TestEntry testId="17007d1b-b16e-ce2a-fd7e-54baaa28ee7e" executionId="92dc046d-e54a-47dc-8ad2-e4174bd0c7df" testListId="8c84fa94-04c1-424b-9868-57a2d4851a1d" />
  </TestEntries>
  <Results>
    <UnitTestResult executionId="92dc046d-e54a-47dc-8ad2-e4174bd0c7df" testId="17007d1b-b16e-ce2a-fd7e-54baaa28ee7e" testName="SumTheMultiplesOf3And5Test" computerName="CAIN" duration="00:00:00.0501429" startTime="2011-05-13T22:34:35.9586843-04:00" endTime="2011-05-13T22:34:38.9808572-04:00" testType="13cdc9d9-ddb5-4fa4-a97d-d965ccfc6d4b" outcome="Passed" testListId="8c84fa94-04c1-424b-9868-57a2d4851a1d" relativeResultsDirectory="92dc046d-e54a-47dc-8ad2-e4174bd0c7df">
    </UnitTestResult>
  </Results>
</TestRun>